// Jest Snapshot v1, https://goo.gl/fbAQLP

exports[`<GridText /> should render without background 1`] = `
<div>
  <div
    class=""
  >
    <h1 />
  </div>
</div>
`;
