// Jest Snapshot v1, https://goo.gl/fbAQLP

exports[`<GridContent /> should render grid content 1`] = `
.c0 {
  text-align: center;
  max-width: 58rem;
  margin: 0 auto;
}

.c1 {
  margin: 6.4rem 0;
}

<div>
  <div
    class="c0"
  >
    <h1 />
  </div>
  <div
    class="c1"
  >
    <h1>
      Html
    </h1>
  </div>
</div>
`;
