// Jest Snapshot v1, https://goo.gl/fbAQLP

exports[`<GridImage /> should render grid image 1`] = `
<div>
  <div
    class=""
  >
    <h1 />
  </div>
</div>
`;
